[FuFiHLA] REF_DIR: ../share/fufihla/dps-dat/
[FuFiHLA] GENE_LIST: /home/jasonwho/miniconda3/envs/fufihla-test/share/fufihla/dps-dat/genes.list
[FuFiHLA] ALLELE_FASTA: ../share/fufihla/dps-dat//ref.gene.fa.gz
[FuFiHLA] DEBUG: 0
Step 0: Verify input reads file
Step 1: Raw alignment
Step 2: Gain informative reads from step-1 alignments
Step 3: Map filtered reads to per-gene allele sets
Step 4: Vote best alleles as templates
Step 6: Realign reconstructed sequences
Step 7: Final allele calls
HLA-A*01:01:01:01 HLA-A*01_01_01_01	3503	0	3503	+	HLA-A*01:01:01:01	3503	0	3503	3503	3503	60	NM:i:0	ms:i:7006	AS:i:7006	nn:i:0	tp:A:P	cm:i:656	s1:i:3495	s2:i:0	de:f:0	rl:i:0	cg:Z:3503M	cs:Z::3503
HLA-A*26:01:01:01 HLA-A*26_01_01_01	3517	0	3517	+	HLA-A*26:01:01:01	3517	0	3517	3517	3517	60	NM:i:0	ms:i:7034	AS:i:7034	nn:i:0	tp:A:P	cm:i:645	s1:i:3509	s2:i:0	de:f:0	rl:i:0	cg:Z:3517M	cs:Z::3517
HLA-B*35:08:01:01 HLA-B*35_08_01_01	3855	0	3855	+	HLA-B*35:08:01:01	3855	0	3855	3855	3855	60	NM:i:0	ms:i:7710	AS:i:7710	nn:i:0	tp:A:P	cm:i:710	s1:i:3850	s2:i:0	de:f:0	rl:i:0	cg:Z:3855M	cs:Z::3855
HLA-B*38:01:01:01 HLA-B*38_01_01_01	4070	0	4070	+	HLA-B*38:01:01:01	4070	0	4070	4070	4070	60	NM:i:0	ms:i:8140	AS:i:8140	nn:i:0	tp:A:P	cm:i:763	s1:i:4064	s2:i:0	de:f:0	rl:i:0	cg:Z:4070M	cs:Z::4070
HLA-C*04:01:01:06 HLA-C*04_01_01_06	4264	0	4264	+	HLA-C*04:01:01:06	4264	0	4264	4264	4264	60	NM:i:0	ms:i:8528	AS:i:8528	nn:i:0	tp:A:P	cm:i:796	s1:i:4252	s2:i:0	de:f:0	rl:i:0	cg:Z:4264M	cs:Z::4264
HLA-C*12:03:01:01 HLA-C*12_03_01_01	4303	0	4303	+	HLA-C*12:03:01:01	4303	0	4303	4303	4303	60	NM:i:0	ms:i:8606	AS:i:8606	nn:i:0	tp:A:P	cm:i:794	s1:i:4290	s2:i:0	de:f:0	rl:i:0	cg:Z:4303M	cs:Z::4303
HLA-DQA1*01:05:01:01 HLA-DQA1*01_05_01_01	6485	0	6485	+	HLA-DQA1*01:05:01:01	6485	0	6485	6485	6485	60	NM:i:0	ms:i:12970	AS:i:12970	nn:i:0	tp:A:P	cm:i:1183	s1:i:6476	s2:i:0	de:f:0	rl:i:0	cg:Z:6485M	cs:Z::6485
HLA-DQA1*03:01:01:01 HLA-DQA1*03_01_01_01	6437	0	6437	+	HLA-DQA1*03:01:01:01	6437	0	6437	6437	6437	60	NM:i:0	ms:i:12874	AS:i:12874	nn:i:0	tp:A:P	cm:i:1209	s1:i:6425	s2:i:0	de:f:0	rl:i:0	cg:Z:6437M	cs:Z::6437
HLA-DQB1*03:02:01:01 HLA-DQB1*03_02_01_01	7126	0	7126	+	HLA-DQB1*03:02:01:01	7126	0	7126	7126	7126	60	NM:i:0	ms:i:14252	AS:i:14252	nn:i:0	tp:A:P	cm:i:1347	s1:i:7117	s2:i:0	de:f:0	rl:i:0	cg:Z:7126M	cs:Z::7126
HLA-DQB1*05:01:01:05 HLA-DQB1*05_01_01_05	7090	0	7090	+	HLA-DQB1*05:01:01:05	7090	0	7090	7090	7090	60	NM:i:0	ms:i:14180	AS:i:14180	nn:i:0	tp:A:P	cm:i:1319	s1:i:7081	s2:i:0	de:f:0	rl:i:0	cg:Z:7090M	cs:Z::7090
HLA-DRB1*04:02:01 HLA-DRB1*04_02_01	14499	0	14499	+	HLA-DRB1*04:02:01	14499	0	14499	14499	14499	60	NM:i:0	ms:i:28998	AS:i:28998	nn:i:0	tp:A:P	cm:i:2725	s1:i:14486	s2:i:174	de:f:0	rl:i:0	cg:Z:14499M	cs:Z::14499
HLA-DRB1*10:01:01:03 HLA-DRB1*10_01_01_03	13800	0	13800	+	HLA-DRB1*10:01:01:03	13800	0	13800	13800	13800	60	NM:i:0	ms:i:27600	AS:i:27600	nn:i:0	tp:A:P	cm:i:2621	s1:i:13786	s2:i:0	de:f:0	rl:i:0	cg:Z:13800M	cs:Z::13800
